// Jest Snapshot v1, https://goo.gl/fbAQLP

exports[`<Query/> render with optional props ::qaSelector as "{{qaSelector}}" 1`] = `
<div
  className="query--loading"
  data-cy="is-loading"
>
  <div />
  <div />
</div>
`;

exports[`<Query/> render with required/default props 1`] = `
<div
  className="query--loading"
  data-cy="is-loading"
>
  <div />
  <div />
</div>
`;
