// Jest Snapshot v1, https://goo.gl/fbAQLP

exports[`<Button/> render with default/require d props 1`] = `
<button
  className="button undefined"
>
   
   
</button>
`;

exports[`<Button/> render with optional props [::data-cy] as "{{data-cy}}" 1`] = `
<button
  className="button undefined"
>
   
   
</button>
`;
