// Jest Snapshot v1, https://goo.gl/fbAQLP

exports[`RagTile renders with some props 1`] = `
<styled.section
  onClick={[Function]}
  tileColour="red"
>
  <styled.h1>
     
    Health Check 1
     
  </styled.h1>
</styled.section>
`;
